
> apna-rasoi@1.0.0 build
> next build && tsc --project tsconfig.server.json

  Γû▓ Next.js 14.2.35
  - Environments: .env.local
  - Experiments (use with caution):
    ┬╖ missingSuspenseWithCSRBailout

   Creating an optimized production build ...
npm : uncaughtException [Error: EPERM: operation not permitted, open 'C:\Users\
HP\Downloads\kajal_ki_rasoi-with-tests\kajal_ki_rasoi-tested\.next\trace'] {
At line:1 char:1
+ npm run build 2>&1 | Tee-Object -FilePath build_output.log
+ ~~~~~~~~~~~~~~~~~~
    + CategoryInfo          : NotSpecified: (uncaughtExcepti....next\trace'] { 
   :String) [], RemoteException
    + FullyQualifiedErrorId : NativeCommandError
 
  errno: -4048,
  code: 'EPERM',
  syscall: 'open',
  path: 'C:\\Users\\HP\\Downloads\\kajal_ki_rasoi-with-tests\\kajal_ki_rasoi-te
sted\\.next\\trace'
}
